
> serverless-user-address-api-cdk@1.0.0 test
> jest --testPathIgnorePatterns=integration

npm : PASS unit tests/unit/get-addresses.test.ts (21.86 s)
At line:1 char:1
+ npm test 2>&1 > test-output.txt ; Get-Content test-output.txt | Selec ...
+ ~~~~~~~~~~~~~~~~~~~~~~~~~~~~~~~
    + CategoryInfo          : NotSpecified: (PASS unit tests...st.ts (21.86 s):String) [], RemoteException
    + FullyQualifiedErrorId : NativeCommandError
 
PASS unit tests/unit/delete-address.test.ts (22.09 s)
PASS unit tests/unit/store-address.test.ts (22.496 s)
PASS unit tests/unit/update-address.test.ts (22.86 s)
FAIL unit tests/unit/authorize.test.ts (24.122 s)
  ÔùÅ Console

    console.log
      Authorizing request: arn:aws:execute-api:ap-southeast-2:123456789012:abc123/dev/GET/users/user123/addresses

      at handler (src/handlers/authorize.ts:14:13)

    console.log
      Client ID: testclient

      at handler (src/handlers/authorize.ts:34:13)

    console.log
      Hashed secret: 59953998e54a579be74c1b7344cd55c64981451b066a35c9d7baf5497f16d865

      at handler (src/handlers/authorize.ts:35:13)

    console.error
      Authorization failed: TypeError: Cannot read properties of undefined (reading 'promise')
          at handler (C:\WorkSpace\serverless-user-address-api-cdk\src\handlers\authorize.ts:65:13)
          at Object.<anonymous> (C:\WorkSpace\serverless-user-address-api-cdk\tests\unit\authorize.test.ts:44:33)
          at Promise.then.completed 
(C:\WorkSpace\serverless-user-address-api-cdk\node_modules\jest-circus\build\utils.js:298:28)
          at new Promise (<anonymous>)
          at callAsyncCircusFn 
(C:\WorkSpace\serverless-user-address-api-cdk\node_modules\jest-circus\build\utils.js:231:10)
          at _callCircusTest (C:\WorkSpace\serverless-user-address-api-cdk\node_modules\jest-circus\build\run.js:316:40)
          at processTicksAndRejections (node:internal/process/task_queues:95:5)
          at _runTest (C:\WorkSpace\serverless-user-address-api-cdk\node_modules\jest-circus\build\run.js:252:3)
          at _runTestsForDescribeBlock 
(C:\WorkSpace\serverless-user-address-api-cdk\node_modules\jest-circus\build\run.js:126:9)
          at _runTestsForDescribeBlock 
(C:\WorkSpace\serverless-user-address-api-cdk\node_modules\jest-circus\build\run.js:121:9)
          at run (C:\WorkSpace\serverless-user-address-api-cdk\node_modules\jest-circus\build\run.js:71:3)
          at runAndTransformResultsToJestFormat (C:\WorkSpace\serverless-user-address-api-cdk\node_modules\jest-circus\buil
d\legacy-code-todo-rewrite\jestAdapterInit.js:122:21)
          at jestAdapter 
(C:\WorkSpace\serverless-user-address-api-cdk\node_modules\jest-circus\build\legacy-code-todo-rewrite\jestAdapter.js:79:19)
          at runTestInternal 
(C:\WorkSpace\serverless-user-address-api-cdk\node_modules\jest-runner\build\runTest.js:367:16)
          at runTest (C:\WorkSpace\serverless-user-address-api-cdk\node_modules\jest-runner\build\runTest.js:444:34)
          at Object.worker 
(C:\WorkSpace\serverless-user-address-api-cdk\node_modules\jest-runner\build\testWorker.js:106:12)

    [0m [90m 77 |[39m     [36mreturn[39m policy[33m;[39m
     [90m 78 |[39m   } [36mcatch[39m (error) {
    [31m[1m>[22m[39m[90m 79 |[39m     console[33m.[39merror([32m'Authorization failed:'[39m[33m,[39m 
error)[33m;[39m
     [90m    |[39m             [31m[1m^[22m[39m
     [90m 80 |[39m     [36mthrow[39m [36mnew[39m [33mError[39m([32m'Unauthorized'[39m)[33m;[39m
     [90m 81 |[39m   }
     [90m 82 |[39m }[0m

      at handler (src/handlers/authorize.ts:79:13)
      at Object.<anonymous> (tests/unit/authorize.test.ts:44:33)

    console.log
      Authorizing request: arn:aws:execute-api:ap-southeast-2:123456789012:abc123/dev/GET/users/user123/addresses

      at handler (src/handlers/authorize.ts:14:13)

    console.warn
      Missing or invalid Authorization header

    [0m [90m 17 |[39m
     [90m 18 |[39m     [36mif[39m ([33m![39mtoken [33m||[39m [33m![39mtoken[33m.[39mstartsWith([32m'Basic 
'[39m)) {
    [31m[1m>[22m[39m[90m 19 |[39m       console[33m.[39mwarn([32m'Missing or invalid Authorization 
header'[39m)[33m;[39m
     [90m    |[39m               [31m[1m^[22m[39m
     [90m 20 |[39m       [36mthrow[39m [36mnew[39m [33mError[39m([32m'Unauthorized'[39m)[33m;[39m
     [90m 21 |[39m     }
     [90m 22 |[39m[0m

      at handler (src/handlers/authorize.ts:19:15)
      at Object.<anonymous> (tests/unit/authorize.test.ts:58:25)

    console.error
      Authorization failed: Error: Unauthorized
          at handler (C:\WorkSpace\serverless-user-address-api-cdk\src\handlers\authorize.ts:20:13)
          at Object.<anonymous> (C:\WorkSpace\serverless-user-address-api-cdk\tests\unit\authorize.test.ts:58:25)
          at Promise.then.completed 
(C:\WorkSpace\serverless-user-address-api-cdk\node_modules\jest-circus\build\utils.js:298:28)
          at new Promise (<anonymous>)
          at callAsyncCircusFn 
(C:\WorkSpace\serverless-user-address-api-cdk\node_modules\jest-circus\build\utils.js:231:10)
          at _callCircusTest (C:\WorkSpace\serverless-user-address-api-cdk\node_modules\jest-circus\build\run.js:316:40)
          at processTicksAndRejections (node:internal/process/task_queues:95:5)
          at _runTest (C:\WorkSpace\serverless-user-address-api-cdk\node_modules\jest-circus\build\run.js:252:3)
          at _runTestsForDescribeBlock 
(C:\WorkSpace\serverless-user-address-api-cdk\node_modules\jest-circus\build\run.js:126:9)
          at _runTestsForDescribeBlock 
(C:\WorkSpace\serverless-user-address-api-cdk\node_modules\jest-circus\build\run.js:121:9)
          at run (C:\WorkSpace\serverless-user-address-api-cdk\node_modules\jest-circus\build\run.js:71:3)
          at runAndTransformResultsToJestFormat (C:\WorkSpace\serverless-user-address-api-cdk\node_modules\jest-circus\buil
d\legacy-code-todo-rewrite\jestAdapterInit.js:122:21)
          at jestAdapter 
(C:\WorkSpace\serverless-user-address-api-cdk\node_modules\jest-circus\build\legacy-code-todo-rewrite\jestAdapter.js:79:19)
          at runTestInternal 
(C:\WorkSpace\serverless-user-address-api-cdk\node_modules\jest-runner\build\runTest.js:367:16)
          at runTest (C:\WorkSpace\serverless-user-address-api-cdk\node_modules\jest-runner\build\runTest.js:444:34)
          at Object.worker 
(C:\WorkSpace\serverless-user-address-api-cdk\node_modules\jest-runner\build\testWorker.js:106:12)

    [0m [90m 77 |[39m     [36mreturn[39m policy[33m;[39m
     [90m 78 |[39m   } [36mcatch[39m (error) {
    [31m[1m>[22m[39m[90m 79 |[39m     console[33m.[39merror([32m'Authorization failed:'[39m[33m,[39m 
error)[33m;[39m
     [90m    |[39m             [31m[1m^[22m[39m
     [90m 80 |[39m     [36mthrow[39m [36mnew[39m [33mError[39m([32m'Unauthorized'[39m)[33m;[39m
     [90m 81 |[39m   }
     [90m 82 |[39m }[0m

      at handler (src/handlers/authorize.ts:79:13)
      at Object.<anonymous> (tests/unit/authorize.test.ts:58:25)

    console.log
      Authorizing request: arn:aws:execute-api:ap-southeast-2:123456789012:abc123/dev/GET/users/user123/addresses

      at handler (src/handlers/authorize.ts:14:13)

    console.warn
      Missing or invalid Authorization header

    [0m [90m 17 |[39m
     [90m 18 |[39m     [36mif[39m ([33m![39mtoken [33m||[39m [33m![39mtoken[33m.[39mstartsWith([32m'Basic 
'[39m)) {
    [31m[1m>[22m[39m[90m 19 |[39m       console[33m.[39mwarn([32m'Missing or invalid Authorization 
header'[39m)[33m;[39m
     [90m    |[39m               [31m[1m^[22m[39m
     [90m 20 |[39m       [36mthrow[39m [36mnew[39m [33mError[39m([32m'Unauthorized'[39m)[33m;[39m
     [90m 21 |[39m     }
     [90m 22 |[39m[0m

      at handler (src/handlers/authorize.ts:19:15)
      at Object.<anonymous> (tests/unit/authorize.test.ts:68:25)

    console.error
      Authorization failed: Error: Unauthorized
          at handler (C:\WorkSpace\serverless-user-address-api-cdk\src\handlers\authorize.ts:20:13)
          at Object.<anonymous> (C:\WorkSpace\serverless-user-address-api-cdk\tests\unit\authorize.test.ts:68:25)
          at Promise.then.completed 
(C:\WorkSpace\serverless-user-address-api-cdk\node_modules\jest-circus\build\utils.js:298:28)
          at new Promise (<anonymous>)
          at callAsyncCircusFn 
(C:\WorkSpace\serverless-user-address-api-cdk\node_modules\jest-circus\build\utils.js:231:10)
          at _callCircusTest (C:\WorkSpace\serverless-user-address-api-cdk\node_modules\jest-circus\build\run.js:316:40)
          at processTicksAndRejections (node:internal/process/task_queues:95:5)
          at _runTest (C:\WorkSpace\serverless-user-address-api-cdk\node_modules\jest-circus\build\run.js:252:3)
          at _runTestsForDescribeBlock 
(C:\WorkSpace\serverless-user-address-api-cdk\node_modules\jest-circus\build\run.js:126:9)
          at _runTestsForDescribeBlock 
(C:\WorkSpace\serverless-user-address-api-cdk\node_modules\jest-circus\build\run.js:121:9)
          at run (C:\WorkSpace\serverless-user-address-api-cdk\node_modules\jest-circus\build\run.js:71:3)
          at runAndTransformResultsToJestFormat (C:\WorkSpace\serverless-user-address-api-cdk\node_modules\jest-circus\buil
d\legacy-code-todo-rewrite\jestAdapterInit.js:122:21)
          at jestAdapter 
(C:\WorkSpace\serverless-user-address-api-cdk\node_modules\jest-circus\build\legacy-code-todo-rewrite\jestAdapter.js:79:19)
          at runTestInternal 
(C:\WorkSpace\serverless-user-address-api-cdk\node_modules\jest-runner\build\runTest.js:367:16)
          at runTest (C:\WorkSpace\serverless-user-address-api-cdk\node_modules\jest-runner\build\runTest.js:444:34)
          at Object.worker 
(C:\WorkSpace\serverless-user-address-api-cdk\node_modules\jest-runner\build\testWorker.js:106:12)

    [0m [90m 77 |[39m     [36mreturn[39m policy[33m;[39m
     [90m 78 |[39m   } [36mcatch[39m (error) {
    [31m[1m>[22m[39m[90m 79 |[39m     console[33m.[39merror([32m'Authorization failed:'[39m[33m,[39m 
error)[33m;[39m
     [90m    |[39m             [31m[1m^[22m[39m
     [90m 80 |[39m     [36mthrow[39m [36mnew[39m [33mError[39m([32m'Unauthorized'[39m)[33m;[39m
     [90m 81 |[39m   }
     [90m 82 |[39m }[0m

      at handler (src/handlers/authorize.ts:79:13)
      at Object.<anonymous> (tests/unit/authorize.test.ts:68:25)

    console.log
      Authorizing request: arn:aws:execute-api:ap-southeast-2:123456789012:abc123/dev/GET/users/user123/addresses

      at handler (src/handlers/authorize.ts:14:13)

    console.warn
      Invalid credentials format

    [0m [90m 25 |[39m
     [90m 26 |[39m     [36mif[39m ([33m![39mclientId [33m||[39m [33m![39mclientSecret) {
    [31m[1m>[22m[39m[90m 27 |[39m       console[33m.[39mwarn([32m'Invalid credentials format'[39m)[33m;[39m
     [90m    |[39m               [31m[1m^[22m[39m
     [90m 28 |[39m       [36mthrow[39m [36mnew[39m [33mError[39m([32m'Unauthorized'[39m)[33m;[39m
     [90m 29 |[39m     }
     [90m 30 |[39m[0m

      at handler (src/handlers/authorize.ts:27:15)
      at Object.<anonymous> (tests/unit/authorize.test.ts:78:25)

    console.error
      Authorization failed: Error: Unauthorized
          at handler (C:\WorkSpace\serverless-user-address-api-cdk\src\handlers\authorize.ts:28:13)
          at Object.<anonymous> (C:\WorkSpace\serverless-user-address-api-cdk\tests\unit\authorize.test.ts:78:25)
          at Promise.then.completed 
(C:\WorkSpace\serverless-user-address-api-cdk\node_modules\jest-circus\build\utils.js:298:28)
          at new Promise (<anonymous>)
          at callAsyncCircusFn 
(C:\WorkSpace\serverless-user-address-api-cdk\node_modules\jest-circus\build\utils.js:231:10)
          at _callCircusTest (C:\WorkSpace\serverless-user-address-api-cdk\node_modules\jest-circus\build\run.js:316:40)
          at processTicksAndRejections (node:internal/process/task_queues:95:5)
          at _runTest (C:\WorkSpace\serverless-user-address-api-cdk\node_modules\jest-circus\build\run.js:252:3)
          at _runTestsForDescribeBlock 
(C:\WorkSpace\serverless-user-address-api-cdk\node_modules\jest-circus\build\run.js:126:9)
          at _runTestsForDescribeBlock 
(C:\WorkSpace\serverless-user-address-api-cdk\node_modules\jest-circus\build\run.js:121:9)
          at run (C:\WorkSpace\serverless-user-address-api-cdk\node_modules\jest-circus\build\run.js:71:3)
          at runAndTransformResultsToJestFormat (C:\WorkSpace\serverless-user-address-api-cdk\node_modules\jest-circus\buil
d\legacy-code-todo-rewrite\jestAdapterInit.js:122:21)
          at jestAdapter 
(C:\WorkSpace\serverless-user-address-api-cdk\node_modules\jest-circus\build\legacy-code-todo-rewrite\jestAdapter.js:79:19)
          at runTestInternal 
(C:\WorkSpace\serverless-user-address-api-cdk\node_modules\jest-runner\build\runTest.js:367:16)
          at runTest (C:\WorkSpace\serverless-user-address-api-cdk\node_modules\jest-runner\build\runTest.js:444:34)
          at Object.worker 
(C:\WorkSpace\serverless-user-address-api-cdk\node_modules\jest-runner\build\testWorker.js:106:12)

    [0m [90m 77 |[39m     [36mreturn[39m policy[33m;[39m
     [90m 78 |[39m   } [36mcatch[39m (error) {
    [31m[1m>[22m[39m[90m 79 |[39m     console[33m.[39merror([32m'Authorization failed:'[39m[33m,[39m 
error)[33m;[39m
     [90m    |[39m             [31m[1m^[22m[39m
     [90m 80 |[39m     [36mthrow[39m [36mnew[39m [33mError[39m([32m'Unauthorized'[39m)[33m;[39m
     [90m 81 |[39m   }
     [90m 82 |[39m }[0m

      at handler (src/handlers/authorize.ts:79:13)
      at Object.<anonymous> (tests/unit/authorize.test.ts:78:25)

    console.log
      Authorizing request: arn:aws:execute-api:ap-southeast-2:123456789012:abc123/dev/GET/users/user123/addresses

      at handler (src/handlers/authorize.ts:14:13)

    console.log
      Client ID: testclient

      at handler (src/handlers/authorize.ts:34:13)

    console.log
      Hashed secret: a9be4c8b0e43f3f32657a72abc3c930329630e08b437674c24555f1b7edfae79

      at handler (src/handlers/authorize.ts:35:13)

    console.error
      Authorization failed: TypeError: Cannot read properties of undefined (reading 'promise')
          at handler (C:\WorkSpace\serverless-user-address-api-cdk\src\handlers\authorize.ts:65:13)
          at Object.<anonymous> (C:\WorkSpace\serverless-user-address-api-cdk\tests\unit\authorize.test.ts:97:25)
          at Promise.then.completed 
(C:\WorkSpace\serverless-user-address-api-cdk\node_modules\jest-circus\build\utils.js:298:28)
          at new Promise (<anonymous>)
          at callAsyncCircusFn 
(C:\WorkSpace\serverless-user-address-api-cdk\node_modules\jest-circus\build\utils.js:231:10)
          at _callCircusTest (C:\WorkSpace\serverless-user-address-api-cdk\node_modules\jest-circus\build\run.js:316:40)
          at processTicksAndRejections (node:internal/process/task_queues:95:5)
          at _runTest (C:\WorkSpace\serverless-user-address-api-cdk\node_modules\jest-circus\build\run.js:252:3)
          at _runTestsForDescribeBlock 
(C:\WorkSpace\serverless-user-address-api-cdk\node_modules\jest-circus\build\run.js:126:9)
          at _runTestsForDescribeBlock 
(C:\WorkSpace\serverless-user-address-api-cdk\node_modules\jest-circus\build\run.js:121:9)
          at run (C:\WorkSpace\serverless-user-address-api-cdk\node_modules\jest-circus\build\run.js:71:3)
          at runAndTransformResultsToJestFormat (C:\WorkSpace\serverless-user-address-api-cdk\node_modules\jest-circus\buil
d\legacy-code-todo-rewrite\jestAdapterInit.js:122:21)
          at jestAdapter 
(C:\WorkSpace\serverless-user-address-api-cdk\node_modules\jest-circus\build\legacy-code-todo-rewrite\jestAdapter.js:79:19)
          at runTestInternal 
(C:\WorkSpace\serverless-user-address-api-cdk\node_modules\jest-runner\build\runTest.js:367:16)
          at runTest (C:\WorkSpace\serverless-user-address-api-cdk\node_modules\jest-runner\build\runTest.js:444:34)
          at Object.worker 
(C:\WorkSpace\serverless-user-address-api-cdk\node_modules\jest-runner\build\testWorker.js:106:12)

    [0m [90m 77 |[39m     [36mreturn[39m policy[33m;[39m
     [90m 78 |[39m   } [36mcatch[39m (error) {
    [31m[1m>[22m[39m[90m 79 |[39m     console[33m.[39merror([32m'Authorization failed:'[39m[33m,[39m 
error)[33m;[39m
     [90m    |[39m             [31m[1m^[22m[39m
     [90m 80 |[39m     [36mthrow[39m [36mnew[39m [33mError[39m([32m'Unauthorized'[39m)[33m;[39m
     [90m 81 |[39m   }
     [90m 82 |[39m }[0m

      at handler (src/handlers/authorize.ts:79:13)
      at Object.<anonymous> (tests/unit/authorize.test.ts:97:25)

    console.log
      Authorizing request: arn:aws:execute-api:ap-southeast-2:123456789012:abc123/dev/GET/users/user123/addresses

      at handler (src/handlers/authorize.ts:14:13)

    console.log
      Client ID: unknownclient

      at handler (src/handlers/authorize.ts:34:13)

    console.log
      Hashed secret: 59953998e54a579be74c1b7344cd55c64981451b066a35c9d7baf5497f16d865

      at handler (src/handlers/authorize.ts:35:13)

    console.error
      Authorization failed: TypeError: Cannot read properties of undefined (reading 'promise')
          at handler (C:\WorkSpace\serverless-user-address-api-cdk\src\handlers\authorize.ts:65:13)
          at Object.<anonymous> (C:\WorkSpace\serverless-user-address-api-cdk\tests\unit\authorize.test.ts:109:25)
          at Promise.then.completed 
(C:\WorkSpace\serverless-user-address-api-cdk\node_modules\jest-circus\build\utils.js:298:28)
          at new Promise (<anonymous>)
          at callAsyncCircusFn 
(C:\WorkSpace\serverless-user-address-api-cdk\node_modules\jest-circus\build\utils.js:231:10)
          at _callCircusTest (C:\WorkSpace\serverless-user-address-api-cdk\node_modules\jest-circus\build\run.js:316:40)
          at processTicksAndRejections (node:internal/process/task_queues:95:5)
          at _runTest (C:\WorkSpace\serverless-user-address-api-cdk\node_modules\jest-circus\build\run.js:252:3)
          at _runTestsForDescribeBlock 
(C:\WorkSpace\serverless-user-address-api-cdk\node_modules\jest-circus\build\run.js:126:9)
          at _runTestsForDescribeBlock 
(C:\WorkSpace\serverless-user-address-api-cdk\node_modules\jest-circus\build\run.js:121:9)
          at run (C:\WorkSpace\serverless-user-address-api-cdk\node_modules\jest-circus\build\run.js:71:3)
          at runAndTransformResultsToJestFormat (C:\WorkSpace\serverless-user-address-api-cdk\node_modules\jest-circus\buil
d\legacy-code-todo-rewrite\jestAdapterInit.js:122:21)
          at jestAdapter 
(C:\WorkSpace\serverless-user-address-api-cdk\node_modules\jest-circus\build\legacy-code-todo-rewrite\jestAdapter.js:79:19)
          at runTestInternal 
(C:\WorkSpace\serverless-user-address-api-cdk\node_modules\jest-runner\build\runTest.js:367:16)
          at runTest (C:\WorkSpace\serverless-user-address-api-cdk\node_modules\jest-runner\build\runTest.js:444:34)
          at Object.worker 
(C:\WorkSpace\serverless-user-address-api-cdk\node_modules\jest-runner\build\testWorker.js:106:12)

    [0m [90m 77 |[39m     [36mreturn[39m policy[33m;[39m
     [90m 78 |[39m   } [36mcatch[39m (error) {
    [31m[1m>[22m[39m[90m 79 |[39m     console[33m.[39merror([32m'Authorization failed:'[39m[33m,[39m 
error)[33m;[39m
     [90m    |[39m             [31m[1m^[22m[39m
     [90m 80 |[39m     [36mthrow[39m [36mnew[39m [33mError[39m([32m'Unauthorized'[39m)[33m;[39m
     [90m 81 |[39m   }
     [90m 82 |[39m }[0m

      at handler (src/handlers/authorize.ts:79:13)
      at Object.<anonymous> (tests/unit/authorize.test.ts:109:25)

  ÔùÅ Authorize Handler ÔÇ║ should authorize valid Basic Auth credentials

    Unauthorized

    [0m [90m 78 |[39m   } [36mcatch[39m (error) {
     [90m 79 |[39m     console[33m.[39merror([32m'Authorization failed:'[39m[33m,[39m error)[33m;[39m
    [31m[1m>[22m[39m[90m 80 |[39m     [36mthrow[39m [36mnew[39m 
[33mError[39m([32m'Unauthorized'[39m)[33m;[39m
     [90m    |[39m           [31m[1m^[22m[39m
     [90m 81 |[39m   }
     [90m 82 |[39m }
     [90m 83 |[39m[0m

      at handler (src/handlers/authorize.ts:80:11)
      at Object.<anonymous> (tests/unit/authorize.test.ts:44:33)

(node:4724) NOTE: The AWS SDK for JavaScript (v2) has reached end-of-support.
It will no longer receive updates or releases.

Please migrate your code to use AWS SDK for JavaScript (v3).
For more information, check the blog post at https://a.co/cUPnyil
(Use `node --trace-warnings ...` to show where the warning was created)
PASS unit tests/unit/init-client.test.ts (24.152 s)
  ÔùÅ Console

    console.log
      Ô£à Client created: cli_test-uuid-1234

      at handler (src/handlers/init-client.ts:104:13)

    console.log
      Ô£à Client created: cli_test-uuid-1234

      at handler (src/handlers/init-client.ts:104:13)

    console.log
      Ô£à Client created: cli_test-uuid-1234

      at handler (src/handlers/init-client.ts:104:13)

    console.log
      Ô£à Client created: cli_test-uuid-1234

      at handler (src/handlers/init-client.ts:104:13)

    console.log
      Ô£à Client created: cli_test-uuid-1234

      at handler (src/handlers/init-client.ts:104:13)

(node:25316) NOTE: The AWS SDK for JavaScript (v2) has reached end-of-support.
It will no longer receive updates or releases.

Please migrate your code to use AWS SDK for JavaScript (v3).
For more information, check the blog post at https://a.co/cUPnyil
(Use `node --trace-warnings ...` to show where the warning was created)

Test Suites: 1 failed, 5 passed, 6 total
Tests:       1 failed, 29 passed, 30 total
Snapshots:   0 total
Time:        28.964 s
Ran all test suites.
